// Jest Snapshot v1, https://goo.gl/fbAQLP

exports[`<Search /> should match scnapshot 1`] = `
<div
  className="gh-form-body"
>
  <div
    className="container"
  >
    <h1>
      Find public repositories
    </h1>
    <Form
      className="gh-search-form"
      onSubmit={[Function]}
      tag="form"
    >
      <Input
        id="username"
        placeholder="Enter A Github Username e.g. facebook"
        required={true}
        type="text"
      />
      <Button
        color="primary"
        onClick={[Function]}
        tag="button"
      >
        Find
      </Button>
    </Form>
  </div>
</div>
`;

exports[`<Search /> should match snapshot 1`] = `
<div
  className="gh-form-body"
>
  <div
    className="container"
  >
    <h1>
      Find public repositories
    </h1>
    <Form
      className="gh-search-form"
      onSubmit={[Function]}
      tag="form"
    >
      <Input
        id="username"
        placeholder="Enter A Github Username e.g. facebook"
        required={true}
        type="text"
      />
      <Button
        color="primary"
        onClick={[Function]}
        tag="button"
      >
        Find
      </Button>
    </Form>
  </div>
</div>
`;
